0 verbose cli C:\Program Files\nodejs\node.exe C:\Program Files\nodejs\node_modules\npm\bin\npm-cli.js
1 info using npm@11.11.0
2 info using node@v24.14.1
3 silly config load:file:C:\Program Files\nodejs\node_modules\npm\npmrc
4 silly config load:file:C:\Users\q1213\Desktop\blog\.npmrc
5 silly config load:file:C:\Users\q1213\.npmrc
6 silly config load:file:C:\Users\q1213\AppData\Roaming\npm\etc\npmrc
7 verbose title npm view @astrojs/feed version description
8 verbose argv "view" "@astrojs/feed" "version" "description"
9 verbose logfile logs-max:10 dir:C:\Users\q1213\Desktop\blog\.npm-cache\_logs\2026-09-30T13_07_57_243Z-
10 verbose logfile C:\Users\q1213\Desktop\blog\.npm-cache\_logs\2026-09-30T13_07_57_243Z-debug-0.log
11 silly logfile start cleaning logs, removing 1 files
12 silly logfile done cleaning log files
13 http fetch GET 404 https://registry.npmjs.org/@astrojs%2ffeed 1731ms (cache skip)
14 verbose stack HttpErrorGeneral: 404 Not Found - GET https://registry.npmjs.org/@astrojs%2ffeed - Not found
14 verbose stack     at C:\Program Files\nodejs\node_modules\npm\node_modules\npm-registry-fetch\lib\check-response.js:103:15
14 verbose stack     at process.processTicksAndRejections (node:internal/process/task_queues:104:5)
14 verbose stack     at async RegistryFetcher.packument (C:\Program Files\nodejs\node_modules\npm\node_modules\pacote\lib\registry.js:90:19)
14 verbose stack     at async #getData (C:\Program Files\nodejs\node_modules\npm\lib\commands\view.js:135:20)
14 verbose stack     at async #viewPackage (C:\Program Files\nodejs\node_modules\npm\lib\commands\view.js:112:28)
14 verbose stack     at async View.exec (C:\Program Files\nodejs\node_modules\npm\lib\commands\view.js:70:5)
14 verbose stack     at async Npm.exec (C:\Program Files\nodejs\node_modules\npm\lib\npm.js:209:9)
14 verbose stack     at async module.exports (C:\Program Files\nodejs\node_modules\npm\lib\cli\entry.js:67:5)
15 verbose statusCode 404
16 verbose pkgid @astrojs/feed@*
17 error code E404
18 error 404 Not Found - GET https://registry.npmjs.org/@astrojs%2ffeed - Not found
19 error 404
20 error 404  The requested resource '@astrojs/feed@*' could not be found or you do not have permission to access it.
21 error 404
22 error 404 Note that you can also install from a
23 error 404 tarball, folder, http url, or git url.
24 verbose cwd C:\Users\q1213\Desktop\blog
25 verbose os Windows_NT 10.0.26300
26 verbose node v24.14.1
27 verbose npm  v11.11.0
28 verbose exit 1
29 verbose code 1
30 error A complete log of this run can be found in: C:\Users\q1213\Desktop\blog\.npm-cache\_logs\2026-09-30T13_07_57_243Z-debug-0.log
