0 verbose cli C:\Program Files\nodejs\node.exe C:\Program Files\nodejs\node_modules\npm\bin\npm-cli.js
1 info using npm@11.11.0
2 info using node@v24.14.1
3 silly config load:file:C:\Program Files\nodejs\node_modules\npm\npmrc
4 silly config load:file:C:\Users\q1213\Desktop\blog\.npmrc
5 silly config load:file:C:\Users\q1213\.npmrc
6 silly config load:file:C:\Users\q1213\AppData\Roaming\npm\etc\npmrc
7 verbose title npm view rehype-mermaid description
8 verbose argv "view" "rehype-mermaid" "description"
9 verbose logfile logs-max:10 dir:C:\Users\q1213\Desktop\blog\.npm-cache\_logs\2026-09-30T12_52_36_583Z-
10 verbose logfile C:\Users\q1213\Desktop\blog\.npm-cache\_logs\2026-09-30T12_52_36_583Z-debug-0.log
11 silly logfile start cleaning logs, removing 1 files
12 silly logfile done cleaning log files
13 http fetch GET 200 https://registry.npmjs.org/rehype-mermaid 681ms (cache revalidated)
14 verbose cwd C:\Users\q1213\Desktop\blog
15 verbose os Windows_NT 10.0.26300
16 verbose node v24.14.1
17 verbose npm  v11.11.0
18 verbose exit 0
19 info ok
